------------------------------------------------------------
Timing Analyzer Summary
------------------------------------------------------------

Type  : Setup 'divisorFrequencia:comb_3|divisorCinco:comb_6|contadorCinco:comb_3|flipFlopT:comb_5|outQ'
Slack : -1.480
TNS   : -1.480

Type  : Setup 'divisorFrequencia:comb_3|divisorCinco:comb_7|contadorCinco:comb_3|flipFlopT:comb_5|outQ'
Slack : -1.474
TNS   : -1.474

Type  : Setup 'divisorFrequencia:comb_3|divisorCinco:comb_9|contadorCinco:comb_3|flipFlopT:comb_5|outQ'
Slack : -1.474
TNS   : -1.474

Type  : Setup 'divisorFrequencia:comb_3|divisorCinco:comb_5|contadorCinco:comb_3|flipFlopT:comb_5|outQ'
Slack : -1.473
TNS   : -1.473

Type  : Setup 'divisorFrequencia:comb_3|divisorCinco:comb_8|contadorCinco:comb_3|flipFlopT:comb_5|outQ'
Slack : -1.473
TNS   : -1.473

Type  : Setup 'divisorFrequencia:comb_3|divisorCinco:comb_3|contadorCinco:comb_3|flipFlopT:comb_5|outQ'
Slack : -1.215
TNS   : -1.215

Type  : Setup 'divisorFrequencia:comb_3|divisorCinco:comb_10|contadorCinco:comb_3|flipFlopT:comb_5|outQ'
Slack : -1.194
TNS   : -1.194

Type  : Setup 'divisorFrequencia:comb_3|flipFlopT:comb_21|outQ'
Slack : -1.194
TNS   : -1.194

Type  : Setup 'cronometro:comb_4|flipFlopT:comb_7|outQ'
Slack : -1.193
TNS   : -1.193

Type  : Setup 'divisorFrequencia:comb_3|divisorCinco:comb_4|contadorCinco:comb_3|flipFlopT:comb_5|outQ'
Slack : -1.193
TNS   : -1.193

Type  : Setup 'divisorFrequencia:comb_3|divisorCinco:comb_10|flipFlopT:comb_4|outQ'
Slack : 0.466
TNS   : 0.000

Type  : Setup 'divisorFrequencia:comb_3|divisorCinco:comb_3|flipFlopT:comb_4|outQ'
Slack : 0.466
TNS   : 0.000

Type  : Setup 'divisorFrequencia:comb_3|flipFlopT:comb_17|outQ'
Slack : 0.466
TNS   : 0.000

Type  : Setup 'divisorFrequencia:comb_3|flipFlopT:comb_13|outQ'
Slack : 0.467
TNS   : 0.000

Type  : Setup 'divisorFrequencia:comb_3|divisorCinco:comb_5|flipFlopT:comb_4|outQ'
Slack : 0.792
TNS   : 0.000

Type  : Setup 'divisorFrequencia:comb_3|divisorCinco:comb_4|flipFlopT:comb_4|outQ'
Slack : 0.814
TNS   : 0.000

Type  : Setup 'divisorFrequencia:comb_3|divisorCinco:comb_8|contadorCinco:comb_3|flipFlopT:comb_3|outQ'
Slack : 0.818
TNS   : 0.000

Type  : Setup 'divisorFrequencia:comb_3|divisorCinco:comb_6|contadorCinco:comb_3|flipFlopT:comb_3|outQ'
Slack : 0.824
TNS   : 0.000

Type  : Setup 'divisorFrequencia:comb_3|flipFlopT:comb_11|outQ'
Slack : 0.824
TNS   : 0.000

Type  : Setup 'divisorFrequencia:comb_3|flipFlopT:comb_19|outQ'
Slack : 0.825
TNS   : 0.000

Type  : Setup 'divisorFrequencia:comb_3|divisorCinco:comb_4|contadorCinco:comb_3|flipFlopT:comb_3|outQ'
Slack : 0.835
TNS   : 0.000

Type  : Setup 'divisorFrequencia:comb_3|divisorCinco:comb_7|contadorCinco:comb_3|flipFlopT:comb_3|outQ'
Slack : 0.836
TNS   : 0.000

Type  : Setup 'divisorFrequencia:comb_3|divisorCinco:comb_9|contadorCinco:comb_3|flipFlopT:comb_3|outQ'
Slack : 0.887
TNS   : 0.000

Type  : Setup 'divisorFrequencia:comb_3|divisorCinco:comb_8|flipFlopT:comb_4|outQ'
Slack : 1.138
TNS   : 0.000

Type  : Setup 'clock'
Slack : 1.265
TNS   : 0.000

Type  : Setup 'divisorFrequencia:comb_3|divisorCinco:comb_5|contadorCinco:comb_3|flipFlopT:comb_3|outQ'
Slack : 1.291
TNS   : 0.000

Type  : Setup 'divisorFrequencia:comb_3|divisorCinco:comb_10|contadorCinco:comb_3|flipFlopT:comb_3|outQ'
Slack : 1.299
TNS   : 0.000

Type  : Setup 'divisorFrequencia:comb_3|divisorCinco:comb_6|flipFlopT:comb_4|outQ'
Slack : 1.312
TNS   : 0.000

Type  : Setup 'divisorFrequencia:comb_3|divisorCinco:comb_3|contadorCinco:comb_3|flipFlopT:comb_3|outQ'
Slack : 1.349
TNS   : 0.000

Type  : Setup 'divisorFrequencia:comb_3|divisorCinco:comb_7|flipFlopT:comb_4|outQ'
Slack : 1.385
TNS   : 0.000

Type  : Setup 'divisorFrequencia:comb_3|divisorCinco:comb_9|flipFlopT:comb_4|outQ'
Slack : 1.551
TNS   : 0.000

Type  : Setup 'divisorFrequencia:comb_3|flipFlopT:comb_15|outQ'
Slack : 2.810
TNS   : 0.000

Type  : Hold 'divisorFrequencia:comb_3|divisorCinco:comb_4|contadorCinco:comb_3|flipFlopT:comb_3|outQ'
Slack : -4.033
TNS   : -4.922

Type  : Hold 'divisorFrequencia:comb_3|divisorCinco:comb_10|contadorCinco:comb_3|flipFlopT:comb_3|outQ'
Slack : -3.442
TNS   : -4.795

Type  : Hold 'divisorFrequencia:comb_3|divisorCinco:comb_3|contadorCinco:comb_3|flipFlopT:comb_3|outQ'
Slack : -3.398
TNS   : -4.801

Type  : Hold 'divisorFrequencia:comb_3|flipFlopT:comb_15|outQ'
Slack : -2.929
TNS   : -5.793

Type  : Hold 'divisorFrequencia:comb_3|divisorCinco:comb_5|contadorCinco:comb_3|flipFlopT:comb_3|outQ'
Slack : -2.413
TNS   : -3.758

Type  : Hold 'divisorFrequencia:comb_3|divisorCinco:comb_6|contadorCinco:comb_3|flipFlopT:comb_3|outQ'
Slack : -2.256
TNS   : -3.134

Type  : Hold 'divisorFrequencia:comb_3|divisorCinco:comb_9|contadorCinco:comb_3|flipFlopT:comb_3|outQ'
Slack : -1.870
TNS   : -2.811

Type  : Hold 'divisorFrequencia:comb_3|divisorCinco:comb_8|contadorCinco:comb_3|flipFlopT:comb_3|outQ'
Slack : -1.860
TNS   : -2.732

Type  : Hold 'divisorFrequencia:comb_3|divisorCinco:comb_9|flipFlopT:comb_4|outQ'
Slack : -1.605
TNS   : -1.605

Type  : Hold 'divisorFrequencia:comb_3|divisorCinco:comb_7|contadorCinco:comb_3|flipFlopT:comb_3|outQ'
Slack : -1.599
TNS   : -2.489

Type  : Hold 'divisorFrequencia:comb_3|divisorCinco:comb_7|flipFlopT:comb_4|outQ'
Slack : -1.439
TNS   : -1.439

Type  : Hold 'divisorFrequencia:comb_3|divisorCinco:comb_6|flipFlopT:comb_4|outQ'
Slack : -1.366
TNS   : -1.366

Type  : Hold 'clock'
Slack : -1.319
TNS   : -1.319

Type  : Hold 'divisorFrequencia:comb_3|divisorCinco:comb_8|flipFlopT:comb_4|outQ'
Slack : -1.192
TNS   : -1.192

Type  : Hold 'divisorFrequencia:comb_3|flipFlopT:comb_19|outQ'
Slack : -0.879
TNS   : -0.879

Type  : Hold 'divisorFrequencia:comb_3|flipFlopT:comb_11|outQ'
Slack : -0.878
TNS   : -0.878

Type  : Hold 'divisorFrequencia:comb_3|divisorCinco:comb_4|flipFlopT:comb_4|outQ'
Slack : -0.868
TNS   : -0.868

Type  : Hold 'divisorFrequencia:comb_3|divisorCinco:comb_5|flipFlopT:comb_4|outQ'
Slack : -0.846
TNS   : -0.846

Type  : Hold 'divisorFrequencia:comb_3|flipFlopT:comb_13|outQ'
Slack : -0.521
TNS   : -0.521

Type  : Hold 'divisorFrequencia:comb_3|divisorCinco:comb_10|flipFlopT:comb_4|outQ'
Slack : -0.520
TNS   : -0.520

Type  : Hold 'divisorFrequencia:comb_3|divisorCinco:comb_3|flipFlopT:comb_4|outQ'
Slack : -0.520
TNS   : -0.520

Type  : Hold 'divisorFrequencia:comb_3|flipFlopT:comb_17|outQ'
Slack : -0.520
TNS   : -0.520

Type  : Hold 'cronometro:comb_4|flipFlopT:comb_7|outQ'
Slack : 1.639
TNS   : 0.000

Type  : Hold 'divisorFrequencia:comb_3|divisorCinco:comb_4|contadorCinco:comb_3|flipFlopT:comb_5|outQ'
Slack : 1.639
TNS   : 0.000

Type  : Hold 'divisorFrequencia:comb_3|divisorCinco:comb_10|contadorCinco:comb_3|flipFlopT:comb_5|outQ'
Slack : 1.640
TNS   : 0.000

Type  : Hold 'divisorFrequencia:comb_3|flipFlopT:comb_21|outQ'
Slack : 1.640
TNS   : 0.000

Type  : Hold 'divisorFrequencia:comb_3|divisorCinco:comb_3|contadorCinco:comb_3|flipFlopT:comb_5|outQ'
Slack : 1.661
TNS   : 0.000

Type  : Hold 'divisorFrequencia:comb_3|divisorCinco:comb_5|contadorCinco:comb_3|flipFlopT:comb_5|outQ'
Slack : 1.919
TNS   : 0.000

Type  : Hold 'divisorFrequencia:comb_3|divisorCinco:comb_8|contadorCinco:comb_3|flipFlopT:comb_5|outQ'
Slack : 1.919
TNS   : 0.000

Type  : Hold 'divisorFrequencia:comb_3|divisorCinco:comb_7|contadorCinco:comb_3|flipFlopT:comb_5|outQ'
Slack : 1.920
TNS   : 0.000

Type  : Hold 'divisorFrequencia:comb_3|divisorCinco:comb_9|contadorCinco:comb_3|flipFlopT:comb_5|outQ'
Slack : 1.920
TNS   : 0.000

Type  : Hold 'divisorFrequencia:comb_3|divisorCinco:comb_6|contadorCinco:comb_3|flipFlopT:comb_5|outQ'
Slack : 1.926
TNS   : 0.000

Type  : Recovery 'divisorFrequencia:comb_3|divisorCinco:comb_3|flipFlopT:comb_4|outQ'
Slack : -6.206
TNS   : -6.206

Type  : Recovery 'divisorFrequencia:comb_3|divisorCinco:comb_4|contadorCinco:comb_3|flipFlopT:comb_5|outQ'
Slack : -6.204
TNS   : -6.204

Type  : Recovery 'divisorFrequencia:comb_3|divisorCinco:comb_4|contadorCinco:comb_3|flipFlopT:comb_3|outQ'
Slack : -5.820
TNS   : -5.820

Type  : Recovery 'divisorFrequencia:comb_3|divisorCinco:comb_10|contadorCinco:comb_3|flipFlopT:comb_5|outQ'
Slack : -5.486
TNS   : -5.486

Type  : Recovery 'divisorFrequencia:comb_3|divisorCinco:comb_9|flipFlopT:comb_4|outQ'
Slack : -5.396
TNS   : -5.396

Type  : Recovery 'divisorFrequencia:comb_3|divisorCinco:comb_10|contadorCinco:comb_3|flipFlopT:comb_3|outQ'
Slack : -5.389
TNS   : -5.389

Type  : Recovery 'divisorFrequencia:comb_3|divisorCinco:comb_3|contadorCinco:comb_3|flipFlopT:comb_5|outQ'
Slack : -4.760
TNS   : -4.760

Type  : Recovery 'divisorFrequencia:comb_3|divisorCinco:comb_3|contadorCinco:comb_3|flipFlopT:comb_3|outQ'
Slack : -4.737
TNS   : -4.737

Type  : Recovery 'clock'
Slack : -4.388
TNS   : -4.388

Type  : Recovery 'divisorFrequencia:comb_3|divisorCinco:comb_8|contadorCinco:comb_3|flipFlopT:comb_3|outQ'
Slack : -3.684
TNS   : -3.684

Type  : Recovery 'divisorFrequencia:comb_3|divisorCinco:comb_7|contadorCinco:comb_3|flipFlopT:comb_3|outQ'
Slack : -3.670
TNS   : -3.670

Type  : Recovery 'divisorFrequencia:comb_3|divisorCinco:comb_6|contadorCinco:comb_3|flipFlopT:comb_3|outQ'
Slack : -3.663
TNS   : -3.663

Type  : Recovery 'divisorFrequencia:comb_3|divisorCinco:comb_9|contadorCinco:comb_3|flipFlopT:comb_3|outQ'
Slack : -3.605
TNS   : -3.605

Type  : Recovery 'divisorFrequencia:comb_3|divisorCinco:comb_6|contadorCinco:comb_3|flipFlopT:comb_5|outQ'
Slack : -3.247
TNS   : -3.247

Type  : Recovery 'divisorFrequencia:comb_3|divisorCinco:comb_4|flipFlopT:comb_4|outQ'
Slack : -3.223
TNS   : -3.223

Type  : Recovery 'divisorFrequencia:comb_3|divisorCinco:comb_7|contadorCinco:comb_3|flipFlopT:comb_5|outQ'
Slack : -3.220
TNS   : -3.220

Type  : Recovery 'divisorFrequencia:comb_3|divisorCinco:comb_8|contadorCinco:comb_3|flipFlopT:comb_5|outQ'
Slack : -3.219
TNS   : -3.219

Type  : Recovery 'divisorFrequencia:comb_3|divisorCinco:comb_9|contadorCinco:comb_3|flipFlopT:comb_5|outQ'
Slack : -3.217
TNS   : -3.217

Type  : Recovery 'divisorFrequencia:comb_3|divisorCinco:comb_5|contadorCinco:comb_3|flipFlopT:comb_5|outQ'
Slack : -3.216
TNS   : -3.216

Type  : Recovery 'divisorFrequencia:comb_3|divisorCinco:comb_5|contadorCinco:comb_3|flipFlopT:comb_3|outQ'
Slack : -3.212
TNS   : -3.212

Type  : Recovery 'divisorFrequencia:comb_3|divisorCinco:comb_7|flipFlopT:comb_4|outQ'
Slack : -2.670
TNS   : -2.670

Type  : Recovery 'divisorFrequencia:comb_3|divisorCinco:comb_5|flipFlopT:comb_4|outQ'
Slack : -2.649
TNS   : -2.649

Type  : Recovery 'divisorFrequencia:comb_3|divisorCinco:comb_8|flipFlopT:comb_4|outQ'
Slack : -2.488
TNS   : -2.488

Type  : Recovery 'divisorFrequencia:comb_3|divisorCinco:comb_6|flipFlopT:comb_4|outQ'
Slack : -2.124
TNS   : -2.124

Type  : Removal 'divisorFrequencia:comb_3|divisorCinco:comb_6|flipFlopT:comb_4|outQ'
Slack : -0.346
TNS   : -0.346

Type  : Removal 'divisorFrequencia:comb_3|divisorCinco:comb_8|flipFlopT:comb_4|outQ'
Slack : 0.044
TNS   : 0.000

Type  : Removal 'divisorFrequencia:comb_3|divisorCinco:comb_5|flipFlopT:comb_4|outQ'
Slack : 0.154
TNS   : 0.000

Type  : Removal 'divisorFrequencia:comb_3|divisorCinco:comb_7|flipFlopT:comb_4|outQ'
Slack : 0.206
TNS   : 0.000

Type  : Removal 'divisorFrequencia:comb_3|divisorCinco:comb_7|contadorCinco:comb_3|flipFlopT:comb_5|outQ'
Slack : 0.750
TNS   : 0.000

Type  : Removal 'divisorFrequencia:comb_3|divisorCinco:comb_6|contadorCinco:comb_3|flipFlopT:comb_5|outQ'
Slack : 0.752
TNS   : 0.000

Type  : Removal 'divisorFrequencia:comb_3|divisorCinco:comb_8|contadorCinco:comb_3|flipFlopT:comb_5|outQ'
Slack : 0.755
TNS   : 0.000

Type  : Removal 'divisorFrequencia:comb_3|divisorCinco:comb_5|contadorCinco:comb_3|flipFlopT:comb_3|outQ'
Slack : 0.764
TNS   : 0.000

Type  : Removal 'divisorFrequencia:comb_3|divisorCinco:comb_5|contadorCinco:comb_3|flipFlopT:comb_5|outQ'
Slack : 0.768
TNS   : 0.000

Type  : Removal 'divisorFrequencia:comb_3|divisorCinco:comb_9|contadorCinco:comb_3|flipFlopT:comb_5|outQ'
Slack : 0.773
TNS   : 0.000

Type  : Removal 'divisorFrequencia:comb_3|divisorCinco:comb_4|flipFlopT:comb_4|outQ'
Slack : 0.775
TNS   : 0.000

Type  : Removal 'divisorFrequencia:comb_3|divisorCinco:comb_9|contadorCinco:comb_3|flipFlopT:comb_3|outQ'
Slack : 1.161
TNS   : 0.000

Type  : Removal 'divisorFrequencia:comb_3|divisorCinco:comb_6|contadorCinco:comb_3|flipFlopT:comb_3|outQ'
Slack : 1.168
TNS   : 0.000

Type  : Removal 'divisorFrequencia:comb_3|divisorCinco:comb_7|contadorCinco:comb_3|flipFlopT:comb_3|outQ'
Slack : 1.200
TNS   : 0.000

Type  : Removal 'divisorFrequencia:comb_3|divisorCinco:comb_8|contadorCinco:comb_3|flipFlopT:comb_3|outQ'
Slack : 1.220
TNS   : 0.000

Type  : Removal 'clock'
Slack : 1.897
TNS   : 0.000

Type  : Removal 'divisorFrequencia:comb_3|divisorCinco:comb_3|contadorCinco:comb_3|flipFlopT:comb_3|outQ'
Slack : 2.246
TNS   : 0.000

Type  : Removal 'divisorFrequencia:comb_3|divisorCinco:comb_3|contadorCinco:comb_3|flipFlopT:comb_5|outQ'
Slack : 2.269
TNS   : 0.000

Type  : Removal 'divisorFrequencia:comb_3|divisorCinco:comb_10|contadorCinco:comb_3|flipFlopT:comb_3|outQ'
Slack : 2.341
TNS   : 0.000

Type  : Removal 'divisorFrequencia:comb_3|divisorCinco:comb_9|flipFlopT:comb_4|outQ'
Slack : 2.348
TNS   : 0.000

Type  : Removal 'divisorFrequencia:comb_3|divisorCinco:comb_10|contadorCinco:comb_3|flipFlopT:comb_5|outQ'
Slack : 2.438
TNS   : 0.000

Type  : Removal 'divisorFrequencia:comb_3|divisorCinco:comb_4|contadorCinco:comb_3|flipFlopT:comb_3|outQ'
Slack : 3.619
TNS   : 0.000

Type  : Removal 'divisorFrequencia:comb_3|divisorCinco:comb_4|contadorCinco:comb_3|flipFlopT:comb_5|outQ'
Slack : 4.003
TNS   : 0.000

Type  : Removal 'divisorFrequencia:comb_3|divisorCinco:comb_3|flipFlopT:comb_4|outQ'
Slack : 4.005
TNS   : 0.000

Type  : Minimum Pulse Width 'clock'
Slack : -2.289
TNS   : -2.289

Type  : Minimum Pulse Width 'cronometro:comb_4|flipFlopT:comb_7|outQ'
Slack : 0.234
TNS   : 0.000

Type  : Minimum Pulse Width 'divisorFrequencia:comb_3|divisorCinco:comb_10|contadorCinco:comb_3|flipFlopT:comb_3|outQ'
Slack : 0.234
TNS   : 0.000

Type  : Minimum Pulse Width 'divisorFrequencia:comb_3|divisorCinco:comb_10|contadorCinco:comb_3|flipFlopT:comb_5|outQ'
Slack : 0.234
TNS   : 0.000

Type  : Minimum Pulse Width 'divisorFrequencia:comb_3|divisorCinco:comb_10|flipFlopT:comb_4|outQ'
Slack : 0.234
TNS   : 0.000

Type  : Minimum Pulse Width 'divisorFrequencia:comb_3|divisorCinco:comb_3|contadorCinco:comb_3|flipFlopT:comb_3|outQ'
Slack : 0.234
TNS   : 0.000

Type  : Minimum Pulse Width 'divisorFrequencia:comb_3|divisorCinco:comb_3|contadorCinco:comb_3|flipFlopT:comb_5|outQ'
Slack : 0.234
TNS   : 0.000

Type  : Minimum Pulse Width 'divisorFrequencia:comb_3|divisorCinco:comb_3|flipFlopT:comb_4|outQ'
Slack : 0.234
TNS   : 0.000

Type  : Minimum Pulse Width 'divisorFrequencia:comb_3|divisorCinco:comb_4|contadorCinco:comb_3|flipFlopT:comb_3|outQ'
Slack : 0.234
TNS   : 0.000

Type  : Minimum Pulse Width 'divisorFrequencia:comb_3|divisorCinco:comb_4|contadorCinco:comb_3|flipFlopT:comb_5|outQ'
Slack : 0.234
TNS   : 0.000

Type  : Minimum Pulse Width 'divisorFrequencia:comb_3|divisorCinco:comb_4|flipFlopT:comb_4|outQ'
Slack : 0.234
TNS   : 0.000

Type  : Minimum Pulse Width 'divisorFrequencia:comb_3|divisorCinco:comb_5|contadorCinco:comb_3|flipFlopT:comb_3|outQ'
Slack : 0.234
TNS   : 0.000

Type  : Minimum Pulse Width 'divisorFrequencia:comb_3|divisorCinco:comb_5|contadorCinco:comb_3|flipFlopT:comb_5|outQ'
Slack : 0.234
TNS   : 0.000

Type  : Minimum Pulse Width 'divisorFrequencia:comb_3|divisorCinco:comb_5|flipFlopT:comb_4|outQ'
Slack : 0.234
TNS   : 0.000

Type  : Minimum Pulse Width 'divisorFrequencia:comb_3|divisorCinco:comb_6|contadorCinco:comb_3|flipFlopT:comb_3|outQ'
Slack : 0.234
TNS   : 0.000

Type  : Minimum Pulse Width 'divisorFrequencia:comb_3|divisorCinco:comb_6|contadorCinco:comb_3|flipFlopT:comb_5|outQ'
Slack : 0.234
TNS   : 0.000

Type  : Minimum Pulse Width 'divisorFrequencia:comb_3|divisorCinco:comb_6|flipFlopT:comb_4|outQ'
Slack : 0.234
TNS   : 0.000

Type  : Minimum Pulse Width 'divisorFrequencia:comb_3|divisorCinco:comb_7|contadorCinco:comb_3|flipFlopT:comb_3|outQ'
Slack : 0.234
TNS   : 0.000

Type  : Minimum Pulse Width 'divisorFrequencia:comb_3|divisorCinco:comb_7|contadorCinco:comb_3|flipFlopT:comb_5|outQ'
Slack : 0.234
TNS   : 0.000

Type  : Minimum Pulse Width 'divisorFrequencia:comb_3|divisorCinco:comb_7|flipFlopT:comb_4|outQ'
Slack : 0.234
TNS   : 0.000

Type  : Minimum Pulse Width 'divisorFrequencia:comb_3|divisorCinco:comb_8|contadorCinco:comb_3|flipFlopT:comb_3|outQ'
Slack : 0.234
TNS   : 0.000

Type  : Minimum Pulse Width 'divisorFrequencia:comb_3|divisorCinco:comb_8|contadorCinco:comb_3|flipFlopT:comb_5|outQ'
Slack : 0.234
TNS   : 0.000

Type  : Minimum Pulse Width 'divisorFrequencia:comb_3|divisorCinco:comb_8|flipFlopT:comb_4|outQ'
Slack : 0.234
TNS   : 0.000

Type  : Minimum Pulse Width 'divisorFrequencia:comb_3|divisorCinco:comb_9|contadorCinco:comb_3|flipFlopT:comb_3|outQ'
Slack : 0.234
TNS   : 0.000

Type  : Minimum Pulse Width 'divisorFrequencia:comb_3|divisorCinco:comb_9|contadorCinco:comb_3|flipFlopT:comb_5|outQ'
Slack : 0.234
TNS   : 0.000

Type  : Minimum Pulse Width 'divisorFrequencia:comb_3|divisorCinco:comb_9|flipFlopT:comb_4|outQ'
Slack : 0.234
TNS   : 0.000

Type  : Minimum Pulse Width 'divisorFrequencia:comb_3|flipFlopT:comb_11|outQ'
Slack : 0.234
TNS   : 0.000

Type  : Minimum Pulse Width 'divisorFrequencia:comb_3|flipFlopT:comb_13|outQ'
Slack : 0.234
TNS   : 0.000

Type  : Minimum Pulse Width 'divisorFrequencia:comb_3|flipFlopT:comb_15|outQ'
Slack : 0.234
TNS   : 0.000

Type  : Minimum Pulse Width 'divisorFrequencia:comb_3|flipFlopT:comb_17|outQ'
Slack : 0.234
TNS   : 0.000

Type  : Minimum Pulse Width 'divisorFrequencia:comb_3|flipFlopT:comb_19|outQ'
Slack : 0.234
TNS   : 0.000

Type  : Minimum Pulse Width 'divisorFrequencia:comb_3|flipFlopT:comb_21|outQ'
Slack : 0.234
TNS   : 0.000

------------------------------------------------------------
